// Jest Snapshot v1, https://goo.gl/fbAQLP

exports[`User Profile Page should render correctly when passed user prop 1`] = `
<div>
  <!---->
</div>
`;

exports[`User Profile Page should render correctly when passed user prop 2`] = `
<div>
  <div class="transition" style="display: flex; margin-top: 44px;"><img style="width: 180px; height: 180px; min-width: 180px; min-height: 180px; border-radius: 50%; object-fit: cover;">
    <div style="margin-left: 28px;">
      <h2 style="margin-top: 16px;">
        undefined. firstname lastname&nbsp;<span style="font-weight: 300;">age</span></h2>
      <p class="location" style="font-weight: 400; letter-spacing: -0.09px;">
        streetnumber streetname, city, state
      </p> <button class="email" style="background-color: rgb(226, 227, 236); padding: 9px 14px; border-radius: 999px; align-items: center; display: block;">
        <div style="display: flex; align-items: center;"><i class="far fa-envelope" style="font-size: 16px; margin-right: 8px;"></i> <span style="font-size: 14px; letter-spacing: -0.09px; font-weight: 600;">email</span></div>
      </button> <button style="background-color: rgb(247, 217, 242); font-size: 12px; padding: 9px 15px; border-radius: 999px; font-weight: 700; margin-top: 16px; display: block;">
        JOINED: registrati
      </button>
      <p style="font-size: 14px; font-weight: 500;"><i class="fas fa-phone-alt" style="margin-right: 8px;"></i> <span>cell</span></p>
      <p style="font-size: 14px; font-weight: 500;"><i class="fas fa-mobile-alt" style="margin-right: 8px; margin-left: 4px;"></i> <span>phone</span></p>
    </div>
  </div>
</div>
`;
