// Jest Snapshot v1, https://goo.gl/fbAQLP

exports[`Users Display Page should render correctly when passed complete data 1`] = `
<div style="position: relative; z-index: 2;">
  <div style="display: flex; justify-content: center; align-items: center; height: 100%;">
    <div class="loader"></div>
  </div>
</div>
`;
