// Jest Snapshot v1, https://goo.gl/fbAQLP

exports[`User Preview Component should render correctly when passed user prop 1`] = `
<div style="display: flex; background-color: rgb(252, 252, 255); padding: 26px 20px; border-radius: 18px; align-items: center; flex-wrap: wrap;"><img src="medium" style="margin: 0px auto;">
  <div style="flex-grow: 1; padding: 0px 20px;">
    <p style="font-weight: bold; line-height: 1.1; font-size: 14px; margin-top: 0px;">
      first last
    </p>
    <p class="location" style="font-size: 12px; font-style: italic; line-height: 1.1; font-weight: 600;">
      1 name, city, state
    </p>
    <div style="line-height: 1.1; display: flex; flex-wrap: wrap;">
      <div style="margin-right: 16px;"><i class="far fa-envelope" style="font-size: 15px; position: relative; top: 2px;"></i>&nbsp;
        <span style="font-size: 13px;">email</span>
      </div>
      <div><i class="fas fa-phone-alt" style="font-size: 12px;"></i>&nbsp;
        <span style="font-size: 12px; font-weight: 600;">112233</span>
      </div>
    </div>
  </div>
  <router-link-stub to="/users/email" style="margin-top: auto; margin-bottom: -8px; margin-left: auto;"><button class="route-button" style="padding: 8px 14px; border-radius: 11px; box-shadow: 2px 10px 30px var(--accent)74; cursor: pointer;"><i class="fas fa-arrow-right" style="color: white;"></i></button></router-link-stub>
</div>
`;
